// Jest Snapshot v1, https://goo.gl/fbAQLP

exports[`<TabBarIcon /> renders correctly 1`] = `<Text />`;
